<html>
<body>
<pre>
<h1>µVision Build Log</h1>
<h2>Tool Versions:</h2>
IDE-Version: ¦ÌVision V5.38.0.0
Copyright (C) 2022 ARM Ltd and ARM Germany GmbH. All rights reserved.
License Information: YOUNG YOUNG, YOUNG, LIC=KRMW3-ALRTP-QDCKD-8VHBC-QJ6CL-2P6CB
 
Tool Versions:
Toolchain:       MDK-ARM Plus  Version: 5.38.0.0
Toolchain Path:  H:\Keil_v5\ARM\ARMCLANG\Bin
C Compiler:      ArmClang.exe V6.19
Assembler:       Armasm.exe V6.19
Linker/Locator:  ArmLink.exe V6.19
Library Manager: ArmAr.exe V6.19
Hex Converter:   FromElf.exe V6.19
CPU DLL:         SARMCM3.DLL V5.38.0.0
Dialog DLL:      DCM.DLL V1.17.5.0
Target DLL:      STLink\ST-LINKIII-KEIL_SWO.dll V3.0.1.0
Dialog DLL:      TCM.DLL V1.56.4.0
 
<h2>Project:</h2>
H:\MDK_HDSCF460_Templete\MDK\MDK_HDSCF460_Templete.uvprojx
Project File Date:  09/16/2023

<h2>Output:</h2>
*** Using Compiler 'V6.19', folder: 'H:\Keil_v5\ARM\ARMCLANG\Bin'
Build target 'MDK_HDSCF460_Templete'
compiling main.c...
linking...
Program Size: Code=6270 RO-data=1946 RW-data=0 ZI-data=17000  
FromELF: creating hex file...
".\Objects\MDK_HDSCF460_Templete.axf" - 0 Error(s), 0 Warning(s).

<h2>Software Packages used:</h2>

Package Vendor: HDSC
                https://raw.githubusercontent.com/hdscmcu/pack/master/HDSC.HC32F460.1.0.10.pack
                HDSC.HC32F460.1.0.10
                HC32F460 ARM Cortex-M4 Device Family Pack

<h2>Collection of Component include folders:</h2>
  H:/Keil_v5/Local/Arm/Packs/HDSC/HC32F460/1.0.10/Device/Include

<h2>Collection of Component Files used:</h2>
Build Time Elapsed:  00:00:01
</pre>
</body>
</html>
